// Jest Snapshot v1, https://jestjs.io/docs/snapshot-testing

exports[`Theme tokens brandColors snapshot should match 1`] = `
{
  "accent": "#BF3626",
  "bgGrey": "#FBF7F0",
  "primary": "#1B6B3C",
  "primaryDark": "#4CAF74",
  "secondary": "#C8922A",
  "textDark": "#2C2417",
  "textLight": "#FFFFFF",
}
`;
